// Jest Snapshot v1, https://goo.gl/fbAQLP

exports[`Calculator page component <Calculator /> Snapshot of the home page 1`] = `
<div
  className="container"
>
  <h2>
    Let’s do some math
  </h2>
  <div
    className="wrapper"
  >
    <div
      className="screen"
    >
      0
    </div>
    <button
      className="operator"
      onClick={[Function]}
      type="button"
    >
      AC
    </button>
    <button
      className="operator"
      onClick={[Function]}
      type="button"
    >
      +/-
    </button>
    <button
      className="operator"
      onClick={[Function]}
      type="button"
    >
      %
    </button>
    <button
      className="operator color-change"
      onClick={[Function]}
      type="button"
    >
      ÷
    </button>
    <button
      className="number"
      onClick={[Function]}
      type="button"
    >
      7
    </button>
    <button
      className="number"
      onClick={[Function]}
      type="button"
    >
      8
    </button>
    <button
      className="number"
      onClick={[Function]}
      type="button"
    >
      9
    </button>
    <button
      className="operator color-change"
      onClick={[Function]}
      type="button"
    >
      *
    </button>
    <button
      className="number"
      onClick={[Function]}
      type="button"
    >
      4
    </button>
    <button
      className="number"
      onClick={[Function]}
      type="button"
    >
      5
    </button>
    <button
      className="number"
      onClick={[Function]}
      type="button"
    >
      6
    </button>
    <button
      className="operator color-change"
      onClick={[Function]}
      type="button"
    >
      -
    </button>
    <button
      className="number"
      onClick={[Function]}
      type="button"
    >
      1
    </button>
    <button
      className="number"
      onClick={[Function]}
      type="button"
    >
      2
    </button>
    <button
      className="number"
      onClick={[Function]}
      type="button"
    >
      3
    </button>
    <button
      className="operator color-change"
      onClick={[Function]}
      type="button"
    >
      +
    </button>
    <button
      className="number zero"
      onClick={[Function]}
      type="button"
    >
      0
    </button>
    <button
      className="number"
      onClick={[Function]}
      type="button"
    >
      .
    </button>
    <button
      className="operator color-change"
      onClick={[Function]}
      type="button"
    >
      =
    </button>
  </div>
</div>
`;
