// Jest Snapshot v1, https://goo.gl/fbAQLP

exports[`Home page component <calculator /> Snapshot of the home page 1`] = `
<div
  className="list-container"
/>
`;
